<html>
<body>
<pre>
<h1>µVision Build Log</h1>
<h2>Project:</h2>
C:\Users\M_A_N_I\Documents\GitHub\ARM-programming\03-08-19\LDR\LDR.uvproj
Project File Date:  08/03/2019

<h2>Output:</h2>
Build target 'Target 1'
assembling half-word3.s...
..\..\06-08-19\Half-word\half-word3.s(4): warning: A1865W: '#' not seen before constant expression
..\..\06-08-19\Half-word\half-word3.s(5): warning: A1865W: '#' not seen before constant expression
..\..\06-08-19\Half-word\half-word3.s(19): warning: A1313W: Missing END directive at end of file
linking...
Program Size: Code=48 RO-data=0 RW-data=0 ZI-data=0  
".\LDR.axf" - 0 Error(s), 3 Warning(s).
</pre>
</body>
</html>
